C:/Users/arshd/Desktop/Workspace/RedSens/proj/frmskysens/fc/Core/Inc/SensorFusion/tinyekf.h:24:13:_mulmat	40	static
C:/Users/arshd/Desktop/Workspace/RedSens/proj/frmskysens/fc/Core/Inc/SensorFusion/tinyekf.h:43:13:_mulvec	32	static
C:/Users/arshd/Desktop/Workspace/RedSens/proj/frmskysens/fc/Core/Inc/SensorFusion/tinyekf.h:58:13:_transpose	32	static
C:/Users/arshd/Desktop/Workspace/RedSens/proj/frmskysens/fc/Core/Inc/SensorFusion/tinyekf.h:68:13:_addmat	32	static
C:/Users/arshd/Desktop/Workspace/RedSens/proj/frmskysens/fc/Core/Inc/SensorFusion/tinyekf.h:80:13:_negate	32	static
C:/Users/arshd/Desktop/Workspace/RedSens/proj/frmskysens/fc/Core/Inc/SensorFusion/tinyekf.h:90:13:_addeye	24	static
C:/Users/arshd/Desktop/Workspace/RedSens/proj/frmskysens/fc/Core/Inc/SensorFusion/tinyekf.h:102:12:_choldc1	48	static
C:/Users/arshd/Desktop/Workspace/RedSens/proj/frmskysens/fc/Core/Inc/SensorFusion/tinyekf.h:126:12:_choldcsl	48	static
C:/Users/arshd/Desktop/Workspace/RedSens/proj/frmskysens/fc/Core/Inc/SensorFusion/tinyekf.h:151:12:_cholsl	56	static
C:/Users/arshd/Desktop/Workspace/RedSens/proj/frmskysens/fc/Core/Inc/SensorFusion/tinyekf.h:183:13:_addvec	32	static
C:/Users/arshd/Desktop/Workspace/RedSens/proj/frmskysens/fc/Core/Inc/SensorFusion/tinyekf.h:192:13:_sub	32	static
C:/Users/arshd/Desktop/Workspace/RedSens/proj/frmskysens/fc/Core/Inc/SensorFusion/tinyekf.h:201:13:invert	32	static
C:/Users/arshd/Desktop/Workspace/RedSens/proj/frmskysens/fc/Core/Inc/SensorFusion/tinyekf.h:227:13:ekf_initialize	24	static
C:/Users/arshd/Desktop/Workspace/RedSens/proj/frmskysens/fc/Core/Inc/SensorFusion/tinyekf.h:247:17:ekf_predict	80	static
C:/Users/arshd/Desktop/Workspace/RedSens/proj/frmskysens/fc/Core/Inc/SensorFusion/tinyekf.h:271:13:ekf_update_step3	40	static
C:/Users/arshd/Desktop/Workspace/RedSens/proj/frmskysens/fc/Core/Inc/SensorFusion/tinyekf.h:289:13:ekf_update	296	static
../Core/Src/SensorFusion/imu_fusion.c:55:13:sensor_model	48	static
../Core/Src/SensorFusion/imu_fusion.c:82:6:imu_fusion_init	8	static
../Core/Src/SensorFusion/imu_fusion.c:88:6:imu_fusion_update	144	static
