C:/Users/arshd/Desktop/Workspace/RedSens/proj/frmskysens/fc/Core/Inc/SensorFusion/tinyekf.h:24:13:_mulmat	4
C:/Users/arshd/Desktop/Workspace/RedSens/proj/frmskysens/fc/Core/Inc/SensorFusion/tinyekf.h:43:13:_mulvec	3
C:/Users/arshd/Desktop/Workspace/RedSens/proj/frmskysens/fc/Core/Inc/SensorFusion/tinyekf.h:58:13:_transpose	3
C:/Users/arshd/Desktop/Workspace/RedSens/proj/frmskysens/fc/Core/Inc/SensorFusion/tinyekf.h:68:13:_addmat	3
C:/Users/arshd/Desktop/Workspace/RedSens/proj/frmskysens/fc/Core/Inc/SensorFusion/tinyekf.h:80:13:_negate	3
C:/Users/arshd/Desktop/Workspace/RedSens/proj/frmskysens/fc/Core/Inc/SensorFusion/tinyekf.h:90:13:_addeye	2
C:/Users/arshd/Desktop/Workspace/RedSens/proj/frmskysens/fc/Core/Inc/SensorFusion/tinyekf.h:102:12:_choldc1	6
C:/Users/arshd/Desktop/Workspace/RedSens/proj/frmskysens/fc/Core/Inc/SensorFusion/tinyekf.h:126:12:_choldcsl	7
C:/Users/arshd/Desktop/Workspace/RedSens/proj/frmskysens/fc/Core/Inc/SensorFusion/tinyekf.h:151:12:_cholsl	10
C:/Users/arshd/Desktop/Workspace/RedSens/proj/frmskysens/fc/Core/Inc/SensorFusion/tinyekf.h:183:13:_addvec	2
C:/Users/arshd/Desktop/Workspace/RedSens/proj/frmskysens/fc/Core/Inc/SensorFusion/tinyekf.h:192:13:_sub	2
C:/Users/arshd/Desktop/Workspace/RedSens/proj/frmskysens/fc/Core/Inc/SensorFusion/tinyekf.h:201:13:invert	1
C:/Users/arshd/Desktop/Workspace/RedSens/proj/frmskysens/fc/Core/Inc/SensorFusion/tinyekf.h:227:13:ekf_initialize	4
C:/Users/arshd/Desktop/Workspace/RedSens/proj/frmskysens/fc/Core/Inc/SensorFusion/tinyekf.h:247:17:ekf_predict	1
C:/Users/arshd/Desktop/Workspace/RedSens/proj/frmskysens/fc/Core/Inc/SensorFusion/tinyekf.h:271:13:ekf_update_step3	1
C:/Users/arshd/Desktop/Workspace/RedSens/proj/frmskysens/fc/Core/Inc/SensorFusion/tinyekf.h:289:13:ekf_update	2
../Core/Src/main.c:90:5:main	2
../Core/Src/main.c:164:6:SystemClock_Config	3
../Core/Src/main.c:210:13:MX_I2C1_Init	2
../Core/Src/main.c:244:13:MX_TIM3_Init	7
../Core/Src/main.c:310:13:MX_USART1_UART_Init	2
../Core/Src/main.c:341:13:MX_DMA_Init	1
../Core/Src/main.c:363:13:MX_GPIO_Init	1
../Core/Src/main.c:393:6:HAL_UART_RxCpltCallback	2
../Core/Src/main.c:408:6:Error_Handler	1
