C:/Users/arshd/Desktop/Workspace/RedSens/proj/frmskysens/fc/Core/Inc/SensorFusion/tinyekf.h:24:13:_mulmat	40	static
C:/Users/arshd/Desktop/Workspace/RedSens/proj/frmskysens/fc/Core/Inc/SensorFusion/tinyekf.h:43:13:_mulvec	32	static
C:/Users/arshd/Desktop/Workspace/RedSens/proj/frmskysens/fc/Core/Inc/SensorFusion/tinyekf.h:58:13:_transpose	32	static
C:/Users/arshd/Desktop/Workspace/RedSens/proj/frmskysens/fc/Core/Inc/SensorFusion/tinyekf.h:68:13:_addmat	32	static
C:/Users/arshd/Desktop/Workspace/RedSens/proj/frmskysens/fc/Core/Inc/SensorFusion/tinyekf.h:80:13:_negate	32	static
C:/Users/arshd/Desktop/Workspace/RedSens/proj/frmskysens/fc/Core/Inc/SensorFusion/tinyekf.h:90:13:_addeye	24	static
C:/Users/arshd/Desktop/Workspace/RedSens/proj/frmskysens/fc/Core/Inc/SensorFusion/tinyekf.h:102:12:_choldc1	48	static
C:/Users/arshd/Desktop/Workspace/RedSens/proj/frmskysens/fc/Core/Inc/SensorFusion/tinyekf.h:126:12:_choldcsl	48	static
C:/Users/arshd/Desktop/Workspace/RedSens/proj/frmskysens/fc/Core/Inc/SensorFusion/tinyekf.h:151:12:_cholsl	56	static
C:/Users/arshd/Desktop/Workspace/RedSens/proj/frmskysens/fc/Core/Inc/SensorFusion/tinyekf.h:183:13:_addvec	32	static
C:/Users/arshd/Desktop/Workspace/RedSens/proj/frmskysens/fc/Core/Inc/SensorFusion/tinyekf.h:192:13:_sub	32	static
C:/Users/arshd/Desktop/Workspace/RedSens/proj/frmskysens/fc/Core/Inc/SensorFusion/tinyekf.h:201:13:invert	32	static
C:/Users/arshd/Desktop/Workspace/RedSens/proj/frmskysens/fc/Core/Inc/SensorFusion/tinyekf.h:227:13:ekf_initialize	24	static
C:/Users/arshd/Desktop/Workspace/RedSens/proj/frmskysens/fc/Core/Inc/SensorFusion/tinyekf.h:247:17:ekf_predict	80	static
C:/Users/arshd/Desktop/Workspace/RedSens/proj/frmskysens/fc/Core/Inc/SensorFusion/tinyekf.h:271:13:ekf_update_step3	40	static
C:/Users/arshd/Desktop/Workspace/RedSens/proj/frmskysens/fc/Core/Inc/SensorFusion/tinyekf.h:289:13:ekf_update	296	static
../Core/Src/main.c:90:5:main	16	static
../Core/Src/main.c:164:6:SystemClock_Config	88	static
../Core/Src/main.c:210:13:MX_I2C1_Init	8	static
../Core/Src/main.c:244:13:MX_TIM3_Init	48	static
../Core/Src/main.c:310:13:MX_USART1_UART_Init	8	static
../Core/Src/main.c:341:13:MX_DMA_Init	16	static
../Core/Src/main.c:363:13:MX_GPIO_Init	40	static
../Core/Src/main.c:393:6:HAL_UART_RxCpltCallback	16	static
../Core/Src/main.c:408:6:Error_Handler	4	static,ignoring_inline_asm
